﻿
> client@0.0.0 build
> vite build

[36mvite v7.3.1 [32mbuilding client environment for production...[36m[39m
transforming...
[32mΓ£ô[39m 1776 modules transformed.
node.exe : [31mΓ£ù[39m 
Build failed in 1.64s
At C:\Program 
Files\nodejs\npm.ps1:29 
char:3
+   & $NODE_EXE $NPM_CLI_JS 
$args
+   
~~~~~~~~~~~~~~~~~~~~~~~~~~~~~
    + CategoryInfo           
   : NotSpecified: ([31mΓ£  
  ù[39m Build failed in 1   
 .64s:String) [], RemoteE    
xception
    + FullyQualifiedErrorId  
   : NativeCommandError
 
[31merror during build:
[31msrc/components/Navbar.js
x (3:7): "default" is not 
exported by 
"src/assets/assets.js", 
imported by "src/components/N
avbar.jsx".[31m
file: [36mC:/Users/SAGRIKA/p
ern/client/src/components/Nav
bar.jsx:3:7[31m
[33m
1: 
2: import React from 'react'
3: import assets from 
'../assets/assets'
          ^
4: import { useNavigate } 
from 'react-router-dom'
5: import { ArrowBigRight } 
from 'lucide-react';
[31m
    at getRollupError (file:/
//C:/Users/SAGRIKA/pern/clien
t/node_modules/rollup/dist/es
/shared/parseAst.js:402:41)
    at error (file:///C:/User
s/SAGRIKA/pern/client/node_mo
dules/rollup/dist/es/shared/p
arseAst.js:398:42)
    at Module.error (file:///
C:/Users/SAGRIKA/pern/client/
node_modules/rollup/dist/es/s
hared/node-entry.js:17040:16)
    at Module.traceVariable (
file:///C:/Users/SAGRIKA/pern
/client/node_modules/rollup/d
ist/es/shared/node-entry.js:1
7452:29)
    at 
ModuleScope.findVariable (fil
e:///C:/Users/SAGRIKA/pern/cl
ient/node_modules/rollup/dist
/es/shared/node-entry.js:1507
0:39)
    at ReturnValueScope.findV
ariable (file:///C:/Users/SAG
RIKA/pern/client/node_modules
/rollup/dist/es/shared/node-e
ntry.js:5673:38)
    at FunctionBodyScope.find
Variable (file:///C:/Users/SA
GRIKA/pern/client/node_module
s/rollup/dist/es/shared/node-
entry.js:5673:38)
    at MemberExpression.bind 
(file:///C:/Users/SAGRIKA/per
n/client/node_modules/rollup/
dist/es/shared/node-entry.js:
7392:49)
    at Property.bind (file://
/C:/Users/SAGRIKA/pern/client
/node_modules/rollup/dist/es/
shared/node-entry.js:2829:23)
    at ObjectExpression.bind 
(file:///C:/Users/SAGRIKA/per
n/client/node_modules/rollup/
dist/es/shared/node-entry.js:
2825:28)[39m
